// Jest Snapshot v1, https://goo.gl/fbAQLP

exports[`<Project /> should render 1`] = `
<DocumentFragment>
  <div
    class="sc-htpNat fjEtFy"
  >
    <a
      aria-label="See Sample Project"
      class="sc-bwzfXH foniet"
      href=""
    >
      <h3>
        Sample Project
      </h3>
      <div
        class="sc-bdVaJa cBDXGb gatsby-image-wrapper"
        style="position: relative; overflow: hidden;"
      >
        <div
          style="width: 100%; padding-bottom: 100%;"
        />
        <picture>
          <source
            sizes=""
            srcset=""
          />
          <img
            alt="Sample Project"
            loading="lazy"
            sizes=""
            src="https://via.placeholder.com/250x180"
            srcset=""
            style="position: absolute; top: 0px; left: 0px; width: 100%; height: 100%; object-fit: cover; object-position: center; opacity: 0; transition: opacity 500ms;"
          />
        </picture>
        <noscript>
          &lt;picture&gt;&lt;source srcset="" /&gt;&lt;img loading="lazy" src="https://via.placeholder.com/250x180" alt="Sample Project" style="position:absolute;top:0;left:0;opacity:1;width:100%;height:100%;object-fit:cover;object-position:center"/&gt;&lt;/picture&gt;
        </noscript>
      </div>
      <p>
        This is a sample project description
      </p>
    </a>
  </div>
</DocumentFragment>
`;
