// Jest Snapshot v1, https://goo.gl/fbAQLP

exports[`<ProjectListing /> should render 1`] = `
<div
  className="[object Object] sc-bxivhb nYNVZ"
>
  <h1>
    
  </h1>
  <div
    className="sc-htpNat cDaIEp"
  >
    <a
      aria-label="See Condo Landing Pages"
      className="sc-bwzfXH kTyWdp"
      href="/projects/condo-landing-pages/"
    >
      <h3>
        Condo Landing Pages
      </h3>
      <div
        className="sc-bdVaJa cBDXGb gatsby-image-wrapper"
        style={
          Object {
            "overflow": "hidden",
            "position": "relative",
          }
        }
      >
        <div
          style={
            Object {
              "paddingBottom": "100%",
              "width": "100%",
            }
          }
        />
        
        <picture>
          <source
            sizes=""
            srcSet=""
          />
          <img
            alt="Condo Landing Pages"
            onLoad={[Function]}
            src=""
            style={
              Object {
                "height": "100%",
                "left": 0,
                "objectFit": "cover",
                "objectPosition": "center",
                "opacity": 0,
                "position": "absolute",
                "top": 0,
                "transition": "opacity 0.5s",
                "width": "100%",
              }
            }
          />
        </picture>
        <noscript
          dangerouslySetInnerHTML={
            Object {
              "__html": "<picture><img src=\\"\\" alt=\\"Condo Landing Pages\\" style=\\"position:absolute;top:0;left:0;transition:opacity 0.5s;transition-delay:0.5s;opacity:1;width:100%;height:100%;object-fit:cover;object-position:center\\"/></picture>",
            }
          }
        />
      </div>
      <p>
        An automated process for building fast, responsive landing pages for pre-construction condos.
      </p>
    </a>
  </div>
  <div
    className="sc-htpNat cDaIEp"
  >
    <a
      aria-label="See Kitchen Quoter"
      className="sc-bwzfXH kTyWdp"
      href="/projects/kitchen-quoter/"
    >
      <h3>
        Kitchen Quoter
      </h3>
      <div
        className="sc-bdVaJa cBDXGb gatsby-image-wrapper"
        style={
          Object {
            "overflow": "hidden",
            "position": "relative",
          }
        }
      >
        <div
          style={
            Object {
              "paddingBottom": "100%",
              "width": "100%",
            }
          }
        />
        
        <picture>
          <source
            sizes=""
            srcSet=""
          />
          <img
            alt="Kitchen Quoter"
            onLoad={[Function]}
            src=""
            style={
              Object {
                "height": "100%",
                "left": 0,
                "objectFit": "cover",
                "objectPosition": "center",
                "opacity": 0,
                "position": "absolute",
                "top": 0,
                "transition": "opacity 0.5s",
                "width": "100%",
              }
            }
          />
        </picture>
        <noscript
          dangerouslySetInnerHTML={
            Object {
              "__html": "<picture><img src=\\"\\" alt=\\"Kitchen Quoter\\" style=\\"position:absolute;top:0;left:0;transition:opacity 0.5s;transition-delay:0.5s;opacity:1;width:100%;height:100%;object-fit:cover;object-position:center\\"/></picture>",
            }
          }
        />
      </div>
      <p>
        A do-it-yourself calculator that generates dollar quotes based on user-specified fields and formula.
      </p>
    </a>
  </div>
</div>
`;
