// Jest Snapshot v1, https://goo.gl/fbAQLP

exports[`<Button /> should render 1`] = `
<DocumentFragment>
  <button
    class="sc-bdVaJa eSxrIN"
  >
    Click Me
  </button>
</DocumentFragment>
`;
