// Jest Snapshot v1, https://goo.gl/fbAQLP

exports[`ProjectPage should render 1`] = `
<DocumentFragment>
  <div
    class="sc-htpNat faJHDz"
  >
    <div
      class="sc-bwzfXH bmdiOC"
    >
      <a
        aria-label="See Home"
        href="/"
      >
        <div
          class=" gatsby-image-wrapper"
          style="position: relative; overflow: hidden; width: 3em;"
        >
          <div
            style="width: 100%; padding-bottom: 100%;"
          />
          <picture>
            <source
              sizes=""
              srcset=""
            />
            <img
              alt="Ortmesh logo"
              loading="lazy"
              sizes=""
              src="https://via.placeholder.com/250x180"
              srcset=""
              style="position: absolute; top: 0px; left: 0px; width: 100%; height: 100%; object-fit: cover; object-position: center; opacity: 0; transition: opacity 500ms;"
            />
          </picture>
          <noscript>
            &lt;picture&gt;&lt;source srcset="" /&gt;&lt;img loading="lazy" src="https://via.placeholder.com/250x180" alt="Ortmesh logo" style="position:absolute;top:0;left:0;opacity:1;width:100%;height:100%;object-fit:cover;object-position:center"/&gt;&lt;/picture&gt;
          </noscript>
        </div>
      </a>
      <a
        href="/"
      >
        <h2>
          Ortmesh
        </h2>
        <p>
          Write code that matters
        </p>
      </a>
      <button
        class="sc-bdVaJa eSxrIN"
      >
        About
      </button>
    </div>
    <div
      class="sc-gzVnrw jgilSY"
    >
      <h1>
        Condo Landing Pages
      </h1>
      <div>
        An automated process for building fast, responsive landing pages for pre-construction condos.
      </div>
      <div
        class="sc-bZQynM kZGmCz"
      >
        <span>
          Tech Tags:
        </span>
        <div>
          AWS CloudFormation
        </div>
      </div>
      <div
        class="sc-htoDjs LtFSS"
      >
        <div>
          <div>
            <h3>
              Links
            </h3>
            <ul
              class="sc-ifAKCX eaAsdb"
            >
              <a
                aria-label="Github Code"
                href="https://github.com/rajjeet/charismacondos"
                rel="noopener noreferrer"
                target="_blank"
              >
                <li>
                  Github Code
                </li>
              </a>
            </ul>
          </div>
          <div>
            <h3>
              Blog Posts
            </h3>
            <ul
              class="sc-ifAKCX eaAsdb"
            >
              <a
                aria-label="See post: Adding a Project Section to My Website"
                class="sc-bxivhb iVfRmq"
                href="/adding-project-section-to-website/"
              >
                <li>
                  <h4>
                    Adding a Project Section to My Website
                  </h4>
                  <div>
                    <span
                      class="sc-EHOje kjAiMu"
                    >
                      11 May, 2019
                    </span>
                    <span>
                      2 mins read
                    </span>
                  </div>
                </li>
              </a>
              <a
                aria-label="See post: State Management using React Hooks"
                class="sc-bxivhb iVfRmq"
                href="/state-management-react-hooks/"
              >
                <li>
                  <h4>
                    State Management using React Hooks
                  </h4>
                  <div>
                    <span
                      class="sc-EHOje kjAiMu"
                    >
                      02 May, 2019
                    </span>
                    <span>
                      4 mins read
                    </span>
                  </div>
                </li>
              </a>
              <a
                aria-label="See post: Build A Super Customized and Performant Blog"
                class="sc-bxivhb iVfRmq"
                href="/build-super-customized-performant-blog/"
              >
                <li>
                  <h4>
                    Build A Super Customized and Performant Blog
                  </h4>
                  <div>
                    <span
                      class="sc-EHOje kjAiMu"
                    >
                      21 February, 2019
                    </span>
                    <span>
                      3 mins read
                    </span>
                  </div>
                </li>
              </a>
            </ul>
          </div>
        </div>
      </div>
    </div>
  </div>
</DocumentFragment>
`;
