// Jest Snapshot v1, https://goo.gl/fbAQLP

exports[`<CategoryListing /> should render 1`] = `
<DocumentFragment>
  <div
    class="sc-bwzfXH fbiJJR"
  >
    <h5>
      Categories
    </h5>
    <div
      class="sc-bdVaJa fdxsEr"
    >
      <span
        role="link"
        tabindex="0"
      >
        Experience
        <span>
          1
        </span>
      </span>
      <span
        role="link"
        tabindex="0"
      >
        Guide
        <span>
          2
        </span>
      </span>
    </div>
  </div>
</DocumentFragment>
`;
