// Jest Snapshot v1, https://goo.gl/fbAQLP

exports[`404 Page should render 1`] = `
<div
  className="sc-htpNat faJHDz"
>
  <div
    className="sc-bwzfXH bmdiOC"
  >
    <a
      aria-label="See Home"
      href="/"
    >
      <div
        className=" gatsby-image-wrapper"
        style={
          Object {
            "overflow": "hidden",
            "position": "relative",
            "width": "3em",
          }
        }
      >
        <div
          style={
            Object {
              "paddingBottom": "100%",
              "width": "100%",
            }
          }
        />
        
        <picture>
          <source
            sizes=""
            srcSet=""
          />
          <img
            alt="Ortmesh logo"
            loading="lazy"
            onLoad={[Function]}
            sizes=""
            src=""
            srcSet=""
            style={
              Object {
                "height": "100%",
                "left": 0,
                "objectFit": "cover",
                "objectPosition": "center",
                "opacity": 0,
                "position": "absolute",
                "top": 0,
                "transition": "opacity 500ms",
                "width": "100%",
              }
            }
          />
        </picture>
        <noscript
          dangerouslySetInnerHTML={
            Object {
              "__html": "<picture><source srcset=\\"\\" /><img loading=\\"lazy\\" src=\\"\\" alt=\\"Ortmesh logo\\" style=\\"position:absolute;top:0;left:0;opacity:1;width:100%;height:100%;object-fit:cover;object-position:center\\"/></picture>",
            }
          }
        />
      </div>
    </a>
    <a
      href="/"
    >
      <h2>
        Ortmesh
      </h2>
      <p>
        Write code that matters
      </p>
    </a>
    <button
      className="sc-bdVaJa jCUGPA"
      onClick={[Function]}
    >
      About
    </button>
  </div>
  <h4>
    Error 404:
  </h4>
  <p>
    This page is not found. Please enter a valid URL path into the address bar.
  </p>
  <a
    href="/"
  >
    Go to Home
  </a>
</div>
`;
