// Jest Snapshot v1, https://goo.gl/fbAQLP

exports[`<WebsiteIdentity /> should render 1`] = `
<DocumentFragment>
  .c2 {
  width: 3rem;
}

.c0 {
  -webkit-text-decoration: none;
  text-decoration: none;
  -webkit-text-decoration-color: inherit;
  text-decoration-color: inherit;
}

.c1 {
  display: -webkit-box;
  display: -webkit-flex;
  display: -ms-flexbox;
  display: flex;
  -webkit-flex-direction: row;
  -ms-flex-direction: row;
  flex-direction: row;
  width: 190px;
  -webkit-box-pack: justify;
  -webkit-justify-content: space-between;
  -ms-flex-pack: justify;
  justify-content: space-between;
  font-size: 1rem;
}

.c3 {
  display: -webkit-box;
  display: -webkit-flex;
  display: -ms-flexbox;
  display: flex;
  -webkit-flex-direction: column;
  -ms-flex-direction: column;
  flex-direction: column;
  -webkit-box-pack: center;
  -webkit-justify-content: center;
  -ms-flex-pack: center;
  justify-content: center;
}

.c5 {
  font-size: 0.8rem;
  margin: 0;
  -webkit-text-decoration: none;
  text-decoration: none;
}

.c4 {
  margin: 0;
}

<a
    aria-label="See Home"
    class="c0"
    href="/"
  >
    <div
      class="c1"
    >
      <div
        class="c2 gatsby-image-wrapper"
        style="position: relative; overflow: hidden;"
      >
        <div
          style="width: 100%; padding-bottom: 100%;"
        />
        <picture>
          <source
            sizes=""
            srcset=""
          />
          <img
            alt="Ortmesh logo"
            loading="lazy"
            sizes=""
            src="https://via.placeholder.com/250x180"
            srcset=""
            style="position: absolute; top: 0px; left: 0px; width: 100%; height: 100%; object-fit: cover; object-position: center; opacity: 0; transition: opacity 500ms;"
          />
        </picture>
        <noscript>
          &lt;picture&gt;&lt;source srcset="" /&gt;&lt;img loading="lazy" src="https://via.placeholder.com/250x180" alt="Ortmesh logo" style="position:absolute;top:0;left:0;opacity:1;width:100%;height:100%;object-fit:cover;object-position:center"/&gt;&lt;/picture&gt;
        </noscript>
      </div>
      <div
        class="c3"
      >
        <h2
          class="c4"
        >
          Ortmesh
        </h2>
        <p
          class="c5"
        >
           Write code that matters 
        </p>
      </div>
    </div>
  </a>
</DocumentFragment>
`;
