// Jest Snapshot v1, https://goo.gl/fbAQLP

exports[`Headshot should render 1`] = `
<DocumentFragment>
  .c0 {
  margin: 1rem;
  width: 170px;
  border-radius: 50%;
  border: .33rem solid white;
}

<div
    class="c0 gatsby-image-wrapper"
    style="position: relative; overflow: hidden;"
  >
    <div
      style="width: 100%; padding-bottom: 100%;"
    />
    <picture>
      <source
        sizes=""
        srcset=""
      />
      <img
        alt="Headshot of site author"
        loading="lazy"
        sizes=""
        src="https://via.placeholder.com/250x180"
        srcset=""
        style="position: absolute; top: 0px; left: 0px; width: 100%; height: 100%; object-fit: cover; object-position: center; opacity: 0; transition: opacity 500ms;"
      />
    </picture>
    <noscript>
      &lt;picture&gt;&lt;source srcset="" /&gt;&lt;img loading="lazy" src="https://via.placeholder.com/250x180" alt="Headshot of site author" style="position:absolute;top:0;left:0;opacity:1;width:100%;height:100%;object-fit:cover;object-position:center"/&gt;&lt;/picture&gt;
    </noscript>
  </div>
</DocumentFragment>
`;
