// Jest Snapshot v1, https://goo.gl/fbAQLP

exports[`<Seo /> should render 1`] = `<DocumentFragment />`;
