// Jest Snapshot v1, https://goo.gl/fbAQLP

exports[`<TechStackTagListing /> should render 1`] = `
<DocumentFragment>
  <div
    class="[object Object] sc-bdVaJa kDwnaI"
  >
    <span>
      Tech Tags:
    </span>
    <div>
      React
    </div>
    <div>
      GatsbyJS
    </div>
  </div>
</DocumentFragment>
`;
