// Jest Snapshot v1, https://goo.gl/fbAQLP

exports[`<RoundIconButton /> should render 1`] = `
<DocumentFragment>
  .c0 {
  border-radius: 100%;
  border: none;
  width: 55px;
  height: 55px;
  margin: 1rem;
  background-color: #2185d0;
  cursor: pointer;
}

.c0:active,
.c0:hover {
  background-color: #186199;
}

<button
    class="c0"
    type="button"
  >
    <svg
      aria-hidden="true"
      class="svg-inline--fa fa-times fa-w-11 fa-2x "
      color="white"
      data-icon="times"
      data-prefix="fas"
      focusable="false"
      role="img"
      viewBox="0 0 352 512"
      xmlns="http://www.w3.org/2000/svg"
    >
      <path
        d="M242.72 256l100.07-100.07c12.28-12.28 12.28-32.19 0-44.48l-22.24-22.24c-12.28-12.28-32.19-12.28-44.48 0L176 189.28 75.93 89.21c-12.28-12.28-32.19-12.28-44.48 0L9.21 111.45c-12.28 12.28-12.28 32.19 0 44.48L109.28 256 9.21 356.07c-12.28 12.28-12.28 32.19 0 44.48l22.24 22.24c12.28 12.28 32.2 12.28 44.48 0L176 322.72l100.07 100.07c12.28 12.28 32.2 12.28 44.48 0l22.24-22.24c12.28-12.28 12.28-32.19 0-44.48L242.72 256z"
        fill="currentColor"
      />
    </svg>
  </button>
</DocumentFragment>
`;
