// Jest Snapshot v1, https://goo.gl/fbAQLP

exports[`<Layout /> should render 1`] = `
<DocumentFragment>
  <div
    class="sc-htpNat faJHDz"
  >
    <div
      class="sc-bwzfXH bmdiOC"
    >
      <a
        aria-label="See Home"
        href="/"
      >
        <div
          class=" gatsby-image-wrapper"
          style="position: relative; overflow: hidden; width: 3em;"
        >
          <div
            style="width: 100%; padding-bottom: 100%;"
          />
          <picture>
            <source
              sizes=""
              srcset=""
            />
            <img
              alt="Ortmesh logo"
              src=""
              style="position: absolute; top: 0px; left: 0px; width: 100%; height: 100%; object-fit: cover; object-position: center; opacity: 0; transition: opacity 0.5s;"
            />
          </picture>
          <noscript>
            &lt;picture&gt;&lt;img src="" alt="Ortmesh logo" style="position:absolute;top:0;left:0;transition:opacity 0.5s;transition-delay:0.5s;opacity:1;width:100%;height:100%;object-fit:cover;object-position:center"/&gt;&lt;/picture&gt;
          </noscript>
        </div>
      </a>
      <a
        href="/"
      >
        <h2>
          Ortmesh
        </h2>
        <p>
          Write code that matters
        </p>
      </a>
      <button
        class="sc-bdVaJa jCUGPA"
      >
        About
      </button>
    </div>
    <div>
      Sample child
    </div>
  </div>
</DocumentFragment>
`;
