// Jest Snapshot v1, https://goo.gl/fbAQLP

exports[`BlogPost should render 1`] = `
<DocumentFragment>
  <div
    class="sc-htpNat faJHDz"
  >
    <div
      class="sc-bwzfXH bmdiOC"
    >
      <a
        aria-label="See Home"
        href="/"
      >
        <div
          class=" gatsby-image-wrapper"
          style="position: relative; overflow: hidden; width: 3em;"
        >
          <div
            style="width: 100%; padding-bottom: 100%;"
          />
          <picture>
            <source
              sizes=""
              srcset=""
            />
            <img
              alt="Ortmesh logo"
              loading="lazy"
              sizes=""
              src="https://via.placeholder.com/250x180"
              srcset=""
              style="position: absolute; top: 0px; left: 0px; width: 100%; height: 100%; object-fit: cover; object-position: center; opacity: 0; transition: opacity 500ms;"
            />
          </picture>
          <noscript>
            &lt;picture&gt;&lt;source srcset="" /&gt;&lt;img loading="lazy" src="https://via.placeholder.com/250x180" alt="Ortmesh logo" style="position:absolute;top:0;left:0;opacity:1;width:100%;height:100%;object-fit:cover;object-position:center"/&gt;&lt;/picture&gt;
          </noscript>
        </div>
      </a>
      <a
        href="/"
      >
        <h2>
          Ortmesh
        </h2>
        <p>
          Write code that matters
        </p>
      </a>
      <button
        class="sc-bdVaJa eSxrIN"
      >
        About
      </button>
    </div>
    <div
      class="sc-VigVT gNeyZm"
    >
      <div
        class="post-summary"
      >
        <h1>
          State Management using React Hooks
        </h1>
        <span>
          02 May, 2019 - 4 min read - 
          <span
            class="disqus-comment-count"
            data-disqus-identifier="5f2933ac-25ed-5ae0-84d7-c5d59fc4448e"
            data-disqus-url="http://ortmesh.com/state-management-react-hooks/"
          >
            Comments
          </span>
        </span>
        <p>
          I was learning about the new React Hooks, when I came across a blog post that claims to build state management, like Redux, using React Hooks. I decided to try it out and found it surprisingly simple and effective.
        </p>
        <div
          class="sc-bxivhb fXNsAS"
        >
          <span
            role="link"
            tabindex="0"
          >
            React X
          </span>
          <span
            role="link"
            tabindex="0"
          >
            Angular X
          </span>
        </div>
      </div>
      <br />
      <div
        class="sc-iwsKbI OzSrb"
      >
        <div
          class="sc-gqjmRU fmitny"
        >
          <div
            class="js-toc-content"
          />
          <br />
          <div
            id="disqus_thread"
          />
        </div>
        <div
          class="sc-gZMcBi dzpiJb"
        >
          <div
            class="sc-dnqmqq gCNeSl"
          >
            <h4>
              Outline
            </h4>
            <ul
              class="sc-EHOje kngaEo"
              id="static-toc"
            />
            <div
              class="js-toc"
            />
          </div>
          <div
            class="sc-htoDjs eIKyiD"
          >
            <button
              aria-label="Open table of contents"
              class="sc-ifAKCX hxQEAp"
              type="button"
            >
              <svg
                aria-hidden="true"
                class="svg-inline--fa fa-list fa-w-16 fa-2x "
                color="white"
                data-icon="list"
                data-prefix="fas"
                focusable="false"
                role="img"
                viewBox="0 0 512 512"
                xmlns="http://www.w3.org/2000/svg"
              >
                <path
                  d="M80 368H16a16 16 0 0 0-16 16v64a16 16 0 0 0 16 16h64a16 16 0 0 0 16-16v-64a16 16 0 0 0-16-16zm0-320H16A16 16 0 0 0 0 64v64a16 16 0 0 0 16 16h64a16 16 0 0 0 16-16V64a16 16 0 0 0-16-16zm0 160H16a16 16 0 0 0-16 16v64a16 16 0 0 0 16 16h64a16 16 0 0 0 16-16v-64a16 16 0 0 0-16-16zm416 176H176a16 16 0 0 0-16 16v32a16 16 0 0 0 16 16h320a16 16 0 0 0 16-16v-32a16 16 0 0 0-16-16zm0-320H176a16 16 0 0 0-16 16v32a16 16 0 0 0 16 16h320a16 16 0 0 0 16-16V80a16 16 0 0 0-16-16zm0 160H176a16 16 0 0 0-16 16v32a16 16 0 0 0 16 16h320a16 16 0 0 0 16-16v-32a16 16 0 0 0-16-16z"
                  fill="currentColor"
                />
              </svg>
            </button>
          </div>
        </div>
      </div>
    </div>
  </div>
</DocumentFragment>
`;
