// Jest Snapshot v1, https://goo.gl/fbAQLP

exports[`BlogPost should render 1`] = `
<DocumentFragment>
  <div
    class="sc-bdVaJa fGalvb"
    id="static-toc"
  >
    <div>
      <h1>
        test
      </h1>
    </div>
  </div>
</DocumentFragment>
`;
